[2m10:21:37 pm[22m [31m[1m[vite][22m[39m [31mInternal server error: C:\Users\dell\Documents\scraper project\frontend\src\components\JobList.jsx: Unterminated regular expression. (40:43)

[0m [90m 38 |[31m
 [90m 39 |[31m   [90m// Case-insensitive split on the skill word[31m
[31m[1m>[22m[31m[90m 40 |[31m   [36mconst[31m re [33m=[31m [36mnew[31m [33mRegExp[31m([32m`(${skill.replace(/[.*+?^${}()|[\]\]/g, '\$&')})`[31m[33m,[31m [32m'gi'[31m)
 [90m    |[31m                                            [31m[1m^[22m[31m
 [90m 41 |[31m   [36mconst[31m parts [33m=[31m text[33m.[31msplit(re)
 [90m 42 |[31m
 [90m 43 |[31m   [36mreturn[31m ([0m[39m
  Plugin: [35mvite:react-babel[39m
  File: [36mC:/Users/dell/Documents/scraper project/frontend/src/components/JobList.jsx[39m:40:43
[33m  38 |  
  39 |    // Case-insensitive split on the skill word
  40 |    const re = new RegExp(`(${skill.replace(/[.*+?^${}()|[\]\]/g, '\$&')})`, 'gi')
     |                                             ^
  41 |    const parts = text.split(re)
  42 |  [39m
      at constructor (C:\Users\dell\Documents\scraper project\frontend\node_modules\@babel\parser\lib\index.js:369:19)
      at JSXParserMixin.raise (C:\Users\dell\Documents\scraper project\frontend\node_modules\@babel\parser\lib\index.js:6620:19)
      at JSXParserMixin.readRegexp (C:\Users\dell\Documents\scraper project\frontend\node_modules\@babel\parser\lib\index.js:6349:20)
      at JSXParserMixin.parseExprAtom (C:\Users\dell\Documents\scraper project\frontend\node_modules\@babel\parser\lib\index.js:11339:16)
      at JSXParserMixin.parseExprAtom (C:\Users\dell\Documents\scraper project\frontend\node_modules\@babel\parser\lib\index.js:4780:20)
      at JSXParserMixin.parseExprSubscripts (C:\Users\dell\Documents\scraper project\frontend\node_modules\@babel\parser\lib\index.js:11102:23)
      at JSXParserMixin.parseUpdate (C:\Users\dell\Documents\scraper project\frontend\node_modules\@babel\parser\lib\index.js:11087:21)
      at JSXParserMixin.parseMaybeUnary (C:\Users\dell\Documents\scraper project\frontend\node_modules\@babel\parser\lib\index.js:11067:23)
      at JSXParserMixin.parseMaybeUnaryOrPrivate (C:\Users\dell\Documents\scraper project\frontend\node_modules\@babel\parser\lib\index.js:10920:61)
      at JSXParserMixin.parseExprOps (C:\Users\dell\Documents\scraper project\frontend\node_modules\@babel\parser\lib\index.js:10925:23)
      at JSXParserMixin.parseMaybeConditional (C:\Users\dell\Documents\scraper project\frontend\node_modules\@babel\parser\lib\index.js:10902:23)
      at JSXParserMixin.parseMaybeAssign (C:\Users\dell\Documents\scraper project\frontend\node_modules\@babel\parser\lib\index.js:10852:21)
      at C:\Users\dell\Documents\scraper project\frontend\node_modules\@babel\parser\lib\index.js:10821:39
      at JSXParserMixin.allowInAnd (C:\Users\dell\Documents\scraper project\frontend\node_modules\@babel\parser\lib\index.js:12455:12)
      at JSXParserMixin.parseMaybeAssignAllowIn (C:\Users\dell\Documents\scraper project\frontend\node_modules\@babel\parser\lib\index.js:10821:17)
      at JSXParserMixin.parseMaybeAssignAllowInOrVoidPattern (C:\Users\dell\Documents\scraper project\frontend\node_modules\@babel\parser\lib\index.js:12522:17)
      at JSXParserMixin.parseExprListItem (C:\Users\dell\Documents\scraper project\frontend\node_modules\@babel\parser\lib\index.js:12204:18)
      at JSXParserMixin.parseCallExpressionArguments (C:\Users\dell\Documents\scraper project\frontend\node_modules\@babel\parser\lib\index.js:11278:22)
      at JSXParserMixin.parseCoverCallAndAsyncArrowHead (C:\Users\dell\Documents\scraper project\frontend\node_modules\@babel\parser\lib\index.js:11212:29)
      at JSXParserMixin.parseSubscript (C:\Users\dell\Documents\scraper project\frontend\node_modules\@babel\parser\lib\index.js:11141:19)
      at JSXParserMixin.parseSubscripts (C:\Users\dell\Documents\scraper project\frontend\node_modules\@babel\parser\lib\index.js:11115:19)
      at JSXParserMixin.parseExprSubscripts (C:\Users\dell\Documents\scraper project\frontend\node_modules\@babel\parser\lib\index.js:11106:17)
      at JSXParserMixin.parseUpdate (C:\Users\dell\Documents\scraper project\frontend\node_modules\@babel\parser\lib\index.js:11087:21)
      at JSXParserMixin.parseMaybeUnary (C:\Users\dell\Documents\scraper project\frontend\node_modules\@babel\parser\lib\index.js:11067:23)
      at JSXParserMixin.parseMaybeUnaryOrPrivate (C:\Users\dell\Documents\scraper project\frontend\node_modules\@babel\parser\lib\index.js:10920:61)
      at JSXParserMixin.parseExprOps (C:\Users\dell\Documents\scraper project\frontend\node_modules\@babel\parser\lib\index.js:10925:23)
      at JSXParserMixin.parseMaybeConditional (C:\Users\dell\Documents\scraper project\frontend\node_modules\@babel\parser\lib\index.js:10902:23)
      at JSXParserMixin.parseMaybeAssign (C:\Users\dell\Documents\scraper project\frontend\node_modules\@babel\parser\lib\index.js:10852:21)
      at JSXParserMixin.parseExpressionBase (C:\Users\dell\Documents\scraper project\frontend\node_modules\@babel\parser\lib\index.js:10805:23)
      at C:\Users\dell\Documents\scraper project\frontend\node_modules\@babel\parser\lib\index.js:10801:39
      at JSXParserMixin.allowInAnd (C:\Users\dell\Documents\scraper project\frontend\node_modules\@babel\parser\lib\index.js:12455:12)
      at JSXParserMixin.parseExpression (C:\Users\dell\Documents\scraper project\frontend\node_modules\@babel\parser\lib\index.js:10801:17)
      at JSXParserMixin.parseTemplateSubstitution (C:\Users\dell\Documents\scraper project\frontend\node_modules\@babel\parser\lib\index.js:11834:17)
      at JSXParserMixin.parseTemplate (C:\Users\dell\Documents\scraper project\frontend\node_modules\@babel\parser\lib\index.js:11825:31)
      at JSXParserMixin.parseExprAtom (C:\Users\dell\Documents\scraper project\frontend\node_modules\@babel\parser\lib\index.js:11377:21)
      at JSXParserMixin.parseExprAtom (C:\Users\dell\Documents\scraper project\frontend\node_modules\@babel\parser\lib\index.js:4780:20)
      at JSXParserMixin.parseExprSubscripts (C:\Users\dell\Documents\scraper project\frontend\node_modules\@babel\parser\lib\index.js:11102:23)
      at JSXParserMixin.parseUpdate (C:\Users\dell\Documents\scraper project\frontend\node_modules\@babel\parser\lib\index.js:11087:21)
      at JSXParserMixin.parseMaybeUnary (C:\Users\dell\Documents\scraper project\frontend\node_modules\@babel\parser\lib\index.js:11067:23)
      at JSXParserMixin.parseMaybeUnaryOrPrivate (C:\Users\dell\Documents\scraper project\frontend\node_modules\@babel\parser\lib\index.js:10920:61)
      at JSXParserMixin.parseExprOps (C:\Users\dell\Documents\scraper project\frontend\node_modules\@babel\parser\lib\index.js:10925:23)
      at JSXParserMixin.parseMaybeConditional (C:\Users\dell\Documents\scraper project\frontend\node_modules\@babel\parser\lib\index.js:10902:23)
      at JSXParserMixin.parseMaybeAssign (C:\Users\dell\Documents\scraper project\frontend\node_modules\@babel\parser\lib\index.js:10852:21)
      at C:\Users\dell\Documents\scraper project\frontend\node_modules\@babel\parser\lib\index.js:10821:39
      at JSXParserMixin.allowInAnd (C:\Users\dell\Documents\scraper project\frontend\node_modules\@babel\parser\lib\index.js:12455:12)
      at JSXParserMixin.parseMaybeAssignAllowIn (C:\Users\dell\Documents\scraper project\frontend\node_modules\@babel\parser\lib\index.js:10821:17)
      at JSXParserMixin.parseMaybeAssignAllowInOrVoidPattern (C:\Users\dell\Documents\scraper project\frontend\node_modules\@babel\parser\lib\index.js:12522:17)
      at JSXParserMixin.parseExprListItem (C:\Users\dell\Documents\scraper project\frontend\node_modules\@babel\parser\lib\index.js:12204:18)
      at JSXParserMixin.parseExprList (C:\Users\dell\Documents\scraper project\frontend\node_modules\@babel\parser\lib\index.js:12179:22)
      at JSXParserMixin.parseNew (C:\Users\dell\Documents\scraper project\frontend\node_modules\@babel\parser\lib\index.js:11773:25)
[2m10:21:37 pm[22m [31m[1m[vite][22m[39m [31mInternal server error: C:\Users\dell\Documents\scraper project\frontend\src\components\JobList.jsx: Unterminated regular expression. (40:43)

[0m [90m 38 |[31m
 [90m 39 |[31m   [90m// Case-insensitive split on the skill word[31m
[31m[1m>[22m[31m[90m 40 |[31m   [36mconst[31m re [33m=[31m [36mnew[31m [33mRegExp[31m([32m`(${skill.replace(/[.*+?^${}()|[\]\]/g, '\$&')})`[31m[33m,[31m [32m'gi'[31m)
 [90m    |[31m                                            [31m[1m^[22m[31m
 [90m 41 |[31m   [36mconst[31m parts [33m=[31m text[33m.[31msplit(re)
 [90m 42 |[31m
 [90m 43 |[31m   [36mreturn[31m ([0m[39m
  Plugin: [35mvite:react-babel[39m
  File: [36mC:/Users/dell/Documents/scraper project/frontend/src/components/JobList.jsx[39m:40:43
[33m  38 |  
  39 |    // Case-insensitive split on the skill word
  40 |    const re = new RegExp(`(${skill.replace(/[.*+?^${}()|[\]\]/g, '\$&')})`, 'gi')
     |                                             ^
  41 |    const parts = text.split(re)
  42 |  [39m
      at constructor (C:\Users\dell\Documents\scraper project\frontend\node_modules\@babel\parser\lib\index.js:369:19)
      at JSXParserMixin.raise (C:\Users\dell\Documents\scraper project\frontend\node_modules\@babel\parser\lib\index.js:6620:19)
      at JSXParserMixin.readRegexp (C:\Users\dell\Documents\scraper project\frontend\node_modules\@babel\parser\lib\index.js:6349:20)
      at JSXParserMixin.parseExprAtom (C:\Users\dell\Documents\scraper project\frontend\node_modules\@babel\parser\lib\index.js:11339:16)
      at JSXParserMixin.parseExprAtom (C:\Users\dell\Documents\scraper project\frontend\node_modules\@babel\parser\lib\index.js:4780:20)
      at JSXParserMixin.parseExprSubscripts (C:\Users\dell\Documents\scraper project\frontend\node_modules\@babel\parser\lib\index.js:11102:23)
      at JSXParserMixin.parseUpdate (C:\Users\dell\Documents\scraper project\frontend\node_modules\@babel\parser\lib\index.js:11087:21)
      at JSXParserMixin.parseMaybeUnary (C:\Users\dell\Documents\scraper project\frontend\node_modules\@babel\parser\lib\index.js:11067:23)
      at JSXParserMixin.parseMaybeUnaryOrPrivate (C:\Users\dell\Documents\scraper project\frontend\node_modules\@babel\parser\lib\index.js:10920:61)
      at JSXParserMixin.parseExprOps (C:\Users\dell\Documents\scraper project\frontend\node_modules\@babel\parser\lib\index.js:10925:23)
      at JSXParserMixin.parseMaybeConditional (C:\Users\dell\Documents\scraper project\frontend\node_modules\@babel\parser\lib\index.js:10902:23)
      at JSXParserMixin.parseMaybeAssign (C:\Users\dell\Documents\scraper project\frontend\node_modules\@babel\parser\lib\index.js:10852:21)
      at C:\Users\dell\Documents\scraper project\frontend\node_modules\@babel\parser\lib\index.js:10821:39
      at JSXParserMixin.allowInAnd (C:\Users\dell\Documents\scraper project\frontend\node_modules\@babel\parser\lib\index.js:12455:12)
      at JSXParserMixin.parseMaybeAssignAllowIn (C:\Users\dell\Documents\scraper project\frontend\node_modules\@babel\parser\lib\index.js:10821:17)
      at JSXParserMixin.parseMaybeAssignAllowInOrVoidPattern (C:\Users\dell\Documents\scraper project\frontend\node_modules\@babel\parser\lib\index.js:12522:17)
      at JSXParserMixin.parseExprListItem (C:\Users\dell\Documents\scraper project\frontend\node_modules\@babel\parser\lib\index.js:12204:18)
      at JSXParserMixin.parseCallExpressionArguments (C:\Users\dell\Documents\scraper project\frontend\node_modules\@babel\parser\lib\index.js:11278:22)
      at JSXParserMixin.parseCoverCallAndAsyncArrowHead (C:\Users\dell\Documents\scraper project\frontend\node_modules\@babel\parser\lib\index.js:11212:29)
      at JSXParserMixin.parseSubscript (C:\Users\dell\Documents\scraper project\frontend\node_modules\@babel\parser\lib\index.js:11141:19)
      at JSXParserMixin.parseSubscripts (C:\Users\dell\Documents\scraper project\frontend\node_modules\@babel\parser\lib\index.js:11115:19)
      at JSXParserMixin.parseExprSubscripts (C:\Users\dell\Documents\scraper project\frontend\node_modules\@babel\parser\lib\index.js:11106:17)
      at JSXParserMixin.parseUpdate (C:\Users\dell\Documents\scraper project\frontend\node_modules\@babel\parser\lib\index.js:11087:21)
      at JSXParserMixin.parseMaybeUnary (C:\Users\dell\Documents\scraper project\frontend\node_modules\@babel\parser\lib\index.js:11067:23)
      at JSXParserMixin.parseMaybeUnaryOrPrivate (C:\Users\dell\Documents\scraper project\frontend\node_modules\@babel\parser\lib\index.js:10920:61)
      at JSXParserMixin.parseExprOps (C:\Users\dell\Documents\scraper project\frontend\node_modules\@babel\parser\lib\index.js:10925:23)
      at JSXParserMixin.parseMaybeConditional (C:\Users\dell\Documents\scraper project\frontend\node_modules\@babel\parser\lib\index.js:10902:23)
      at JSXParserMixin.parseMaybeAssign (C:\Users\dell\Documents\scraper project\frontend\node_modules\@babel\parser\lib\index.js:10852:21)
      at JSXParserMixin.parseExpressionBase (C:\Users\dell\Documents\scraper project\frontend\node_modules\@babel\parser\lib\index.js:10805:23)
      at C:\Users\dell\Documents\scraper project\frontend\node_modules\@babel\parser\lib\index.js:10801:39
      at JSXParserMixin.allowInAnd (C:\Users\dell\Documents\scraper project\frontend\node_modules\@babel\parser\lib\index.js:12455:12)
      at JSXParserMixin.parseExpression (C:\Users\dell\Documents\scraper project\frontend\node_modules\@babel\parser\lib\index.js:10801:17)
      at JSXParserMixin.parseTemplateSubstitution (C:\Users\dell\Documents\scraper project\frontend\node_modules\@babel\parser\lib\index.js:11834:17)
      at JSXParserMixin.parseTemplate (C:\Users\dell\Documents\scraper project\frontend\node_modules\@babel\parser\lib\index.js:11825:31)
      at JSXParserMixin.parseExprAtom (C:\Users\dell\Documents\scraper project\frontend\node_modules\@babel\parser\lib\index.js:11377:21)
      at JSXParserMixin.parseExprAtom (C:\Users\dell\Documents\scraper project\frontend\node_modules\@babel\parser\lib\index.js:4780:20)
      at JSXParserMixin.parseExprSubscripts (C:\Users\dell\Documents\scraper project\frontend\node_modules\@babel\parser\lib\index.js:11102:23)
      at JSXParserMixin.parseUpdate (C:\Users\dell\Documents\scraper project\frontend\node_modules\@babel\parser\lib\index.js:11087:21)
      at JSXParserMixin.parseMaybeUnary (C:\Users\dell\Documents\scraper project\frontend\node_modules\@babel\parser\lib\index.js:11067:23)
      at JSXParserMixin.parseMaybeUnaryOrPrivate (C:\Users\dell\Documents\scraper project\frontend\node_modules\@babel\parser\lib\index.js:10920:61)
      at JSXParserMixin.parseExprOps (C:\Users\dell\Documents\scraper project\frontend\node_modules\@babel\parser\lib\index.js:10925:23)
      at JSXParserMixin.parseMaybeConditional (C:\Users\dell\Documents\scraper project\frontend\node_modules\@babel\parser\lib\index.js:10902:23)
      at JSXParserMixin.parseMaybeAssign (C:\Users\dell\Documents\scraper project\frontend\node_modules\@babel\parser\lib\index.js:10852:21)
      at C:\Users\dell\Documents\scraper project\frontend\node_modules\@babel\parser\lib\index.js:10821:39
      at JSXParserMixin.allowInAnd (C:\Users\dell\Documents\scraper project\frontend\node_modules\@babel\parser\lib\index.js:12455:12)
      at JSXParserMixin.parseMaybeAssignAllowIn (C:\Users\dell\Documents\scraper project\frontend\node_modules\@babel\parser\lib\index.js:10821:17)
      at JSXParserMixin.parseMaybeAssignAllowInOrVoidPattern (C:\Users\dell\Documents\scraper project\frontend\node_modules\@babel\parser\lib\index.js:12522:17)
      at JSXParserMixin.parseExprListItem (C:\Users\dell\Documents\scraper project\frontend\node_modules\@babel\parser\lib\index.js:12204:18)
      at JSXParserMixin.parseExprList (C:\Users\dell\Documents\scraper project\frontend\node_modules\@babel\parser\lib\index.js:12179:22)
      at JSXParserMixin.parseNew (C:\Users\dell\Documents\scraper project\frontend\node_modules\@babel\parser\lib\index.js:11773:25)
[2m10:22:15 pm[22m [31m[1m[vite][22m[39m [31mInternal server error: C:\Users\dell\Documents\scraper project\frontend\src\components\JobList.jsx: Unterminated regular expression. (40:43)

[0m [90m 38 |[31m
 [90m 39 |[31m   [90m// Case-insensitive split on the skill word[31m
[31m[1m>[22m[31m[90m 40 |[31m   [36mconst[31m re [33m=[31m [36mnew[31m [33mRegExp[31m([32m`(${skill.replace(/[.*+?^${}()|[\]\]/g, '\$&')})`[31m[33m,[31m [32m'gi'[31m)
 [90m    |[31m                                            [31m[1m^[22m[31m
 [90m 41 |[31m   [36mconst[31m parts [33m=[31m text[33m.[31msplit(re)
 [90m 42 |[31m
 [90m 43 |[31m   [36mreturn[31m ([0m[39m
  Plugin: [35mvite:react-babel[39m
  File: [36mC:/Users/dell/Documents/scraper project/frontend/src/components/JobList.jsx[39m:40:43
[33m  39 |    // Case-insensitive split on the skill word
  40 |    const re = new RegExp(`(${skill.replace(/[.*+?^${}()|[\]\]/g, '\$&')})`, 'gi')
  41 |    const parts = text.split(re)
     |   ^
  42 |  
  43 |    return ([39m
      at constructor (C:\Users\dell\Documents\scraper project\frontend\node_modules\@babel\parser\lib\index.js:369:19)
      at JSXParserMixin.raise (C:\Users\dell\Documents\scraper project\frontend\node_modules\@babel\parser\lib\index.js:6620:19)
      at JSXParserMixin.readRegexp (C:\Users\dell\Documents\scraper project\frontend\node_modules\@babel\parser\lib\index.js:6349:20)
      at JSXParserMixin.parseExprAtom (C:\Users\dell\Documents\scraper project\frontend\node_modules\@babel\parser\lib\index.js:11339:16)
      at JSXParserMixin.parseExprAtom (C:\Users\dell\Documents\scraper project\frontend\node_modules\@babel\parser\lib\index.js:4780:20)
      at JSXParserMixin.parseExprSubscripts (C:\Users\dell\Documents\scraper project\frontend\node_modules\@babel\parser\lib\index.js:11102:23)
      at JSXParserMixin.parseUpdate (C:\Users\dell\Documents\scraper project\frontend\node_modules\@babel\parser\lib\index.js:11087:21)
      at JSXParserMixin.parseMaybeUnary (C:\Users\dell\Documents\scraper project\frontend\node_modules\@babel\parser\lib\index.js:11067:23)
      at JSXParserMixin.parseMaybeUnaryOrPrivate (C:\Users\dell\Documents\scraper project\frontend\node_modules\@babel\parser\lib\index.js:10920:61)
      at JSXParserMixin.parseExprOps (C:\Users\dell\Documents\scraper project\frontend\node_modules\@babel\parser\lib\index.js:10925:23)
      at JSXParserMixin.parseMaybeConditional (C:\Users\dell\Documents\scraper project\frontend\node_modules\@babel\parser\lib\index.js:10902:23)
      at JSXParserMixin.parseMaybeAssign (C:\Users\dell\Documents\scraper project\frontend\node_modules\@babel\parser\lib\index.js:10852:21)
      at C:\Users\dell\Documents\scraper project\frontend\node_modules\@babel\parser\lib\index.js:10821:39
      at JSXParserMixin.allowInAnd (C:\Users\dell\Documents\scraper project\frontend\node_modules\@babel\parser\lib\index.js:12455:12)
      at JSXParserMixin.parseMaybeAssignAllowIn (C:\Users\dell\Documents\scraper project\frontend\node_modules\@babel\parser\lib\index.js:10821:17)
      at JSXParserMixin.parseMaybeAssignAllowInOrVoidPattern (C:\Users\dell\Documents\scraper project\frontend\node_modules\@babel\parser\lib\index.js:12522:17)
      at JSXParserMixin.parseExprListItem (C:\Users\dell\Documents\scraper project\frontend\node_modules\@babel\parser\lib\index.js:12204:18)
      at JSXParserMixin.parseCallExpressionArguments (C:\Users\dell\Documents\scraper project\frontend\node_modules\@babel\parser\lib\index.js:11278:22)
      at JSXParserMixin.parseCoverCallAndAsyncArrowHead (C:\Users\dell\Documents\scraper project\frontend\node_modules\@babel\parser\lib\index.js:11212:29)
      at JSXParserMixin.parseSubscript (C:\Users\dell\Documents\scraper project\frontend\node_modules\@babel\parser\lib\index.js:11141:19)
      at JSXParserMixin.parseSubscripts (C:\Users\dell\Documents\scraper project\frontend\node_modules\@babel\parser\lib\index.js:11115:19)
      at JSXParserMixin.parseExprSubscripts (C:\Users\dell\Documents\scraper project\frontend\node_modules\@babel\parser\lib\index.js:11106:17)
      at JSXParserMixin.parseUpdate (C:\Users\dell\Documents\scraper project\frontend\node_modules\@babel\parser\lib\index.js:11087:21)
      at JSXParserMixin.parseMaybeUnary (C:\Users\dell\Documents\scraper project\frontend\node_modules\@babel\parser\lib\index.js:11067:23)
      at JSXParserMixin.parseMaybeUnaryOrPrivate (C:\Users\dell\Documents\scraper project\frontend\node_modules\@babel\parser\lib\index.js:10920:61)
      at JSXParserMixin.parseExprOps (C:\Users\dell\Documents\scraper project\frontend\node_modules\@babel\parser\lib\index.js:10925:23)
      at JSXParserMixin.parseMaybeConditional (C:\Users\dell\Documents\scraper project\frontend\node_modules\@babel\parser\lib\index.js:10902:23)
      at JSXParserMixin.parseMaybeAssign (C:\Users\dell\Documents\scraper project\frontend\node_modules\@babel\parser\lib\index.js:10852:21)
      at JSXParserMixin.parseExpressionBase (C:\Users\dell\Documents\scraper project\frontend\node_modules\@babel\parser\lib\index.js:10805:23)
      at C:\Users\dell\Documents\scraper project\frontend\node_modules\@babel\parser\lib\index.js:10801:39
      at JSXParserMixin.allowInAnd (C:\Users\dell\Documents\scraper project\frontend\node_modules\@babel\parser\lib\index.js:12455:12)
      at JSXParserMixin.parseExpression (C:\Users\dell\Documents\scraper project\frontend\node_modules\@babel\parser\lib\index.js:10801:17)
      at JSXParserMixin.parseTemplateSubstitution (C:\Users\dell\Documents\scraper project\frontend\node_modules\@babel\parser\lib\index.js:11834:17)
      at JSXParserMixin.parseTemplate (C:\Users\dell\Documents\scraper project\frontend\node_modules\@babel\parser\lib\index.js:11825:31)
      at JSXParserMixin.parseExprAtom (C:\Users\dell\Documents\scraper project\frontend\node_modules\@babel\parser\lib\index.js:11377:21)
      at JSXParserMixin.parseExprAtom (C:\Users\dell\Documents\scraper project\frontend\node_modules\@babel\parser\lib\index.js:4780:20)
      at JSXParserMixin.parseExprSubscripts (C:\Users\dell\Documents\scraper project\frontend\node_modules\@babel\parser\lib\index.js:11102:23)
      at JSXParserMixin.parseUpdate (C:\Users\dell\Documents\scraper project\frontend\node_modules\@babel\parser\lib\index.js:11087:21)
      at JSXParserMixin.parseMaybeUnary (C:\Users\dell\Documents\scraper project\frontend\node_modules\@babel\parser\lib\index.js:11067:23)
      at JSXParserMixin.parseMaybeUnaryOrPrivate (C:\Users\dell\Documents\scraper project\frontend\node_modules\@babel\parser\lib\index.js:10920:61)
      at JSXParserMixin.parseExprOps (C:\Users\dell\Documents\scraper project\frontend\node_modules\@babel\parser\lib\index.js:10925:23)
      at JSXParserMixin.parseMaybeConditional (C:\Users\dell\Documents\scraper project\frontend\node_modules\@babel\parser\lib\index.js:10902:23)
      at JSXParserMixin.parseMaybeAssign (C:\Users\dell\Documents\scraper project\frontend\node_modules\@babel\parser\lib\index.js:10852:21)
      at C:\Users\dell\Documents\scraper project\frontend\node_modules\@babel\parser\lib\index.js:10821:39
      at JSXParserMixin.allowInAnd (C:\Users\dell\Documents\scraper project\frontend\node_modules\@babel\parser\lib\index.js:12455:12)
      at JSXParserMixin.parseMaybeAssignAllowIn (C:\Users\dell\Documents\scraper project\frontend\node_modules\@babel\parser\lib\index.js:10821:17)
      at JSXParserMixin.parseMaybeAssignAllowInOrVoidPattern (C:\Users\dell\Documents\scraper project\frontend\node_modules\@babel\parser\lib\index.js:12522:17)
      at JSXParserMixin.parseExprListItem (C:\Users\dell\Documents\scraper project\frontend\node_modules\@babel\parser\lib\index.js:12204:18)
      at JSXParserMixin.parseExprList (C:\Users\dell\Documents\scraper project\frontend\node_modules\@babel\parser\lib\index.js:12179:22)
      at JSXParserMixin.parseNew (C:\Users\dell\Documents\scraper project\frontend\node_modules\@babel\parser\lib\index.js:11773:25)
[2m10:22:15 pm[22m [31m[1m[vite][22m[39m [31mInternal server error: C:\Users\dell\Documents\scraper project\frontend\src\components\JobList.jsx: Unterminated regular expression. (40:43)

[0m [90m 38 |[31m
 [90m 39 |[31m   [90m// Case-insensitive split on the skill word[31m
[31m[1m>[22m[31m[90m 40 |[31m   [36mconst[31m re [33m=[31m [36mnew[31m [33mRegExp[31m([32m`(${skill.replace(/[.*+?^${}()|[\]\]/g, '\$&')})`[31m[33m,[31m [32m'gi'[31m)
 [90m    |[31m                                            [31m[1m^[22m[31m
 [90m 41 |[31m   [36mconst[31m parts [33m=[31m text[33m.[31msplit(re)
 [90m 42 |[31m
 [90m 43 |[31m   [36mreturn[31m ([0m[39m
  Plugin: [35mvite:react-babel[39m
  File: [36mC:/Users/dell/Documents/scraper project/frontend/src/components/JobList.jsx[39m:40:43
[33m  39 |    // Case-insensitive split on the skill word
  40 |    const re = new RegExp(`(${skill.replace(/[.*+?^${}()|[\]\]/g, '\$&')})`, 'gi')
  41 |    const parts = text.split(re)
     |   ^
  42 |  
  43 |    return ([39m
      at constructor (C:\Users\dell\Documents\scraper project\frontend\node_modules\@babel\parser\lib\index.js:369:19)
      at JSXParserMixin.raise (C:\Users\dell\Documents\scraper project\frontend\node_modules\@babel\parser\lib\index.js:6620:19)
      at JSXParserMixin.readRegexp (C:\Users\dell\Documents\scraper project\frontend\node_modules\@babel\parser\lib\index.js:6349:20)
      at JSXParserMixin.parseExprAtom (C:\Users\dell\Documents\scraper project\frontend\node_modules\@babel\parser\lib\index.js:11339:16)
      at JSXParserMixin.parseExprAtom (C:\Users\dell\Documents\scraper project\frontend\node_modules\@babel\parser\lib\index.js:4780:20)
      at JSXParserMixin.parseExprSubscripts (C:\Users\dell\Documents\scraper project\frontend\node_modules\@babel\parser\lib\index.js:11102:23)
      at JSXParserMixin.parseUpdate (C:\Users\dell\Documents\scraper project\frontend\node_modules\@babel\parser\lib\index.js:11087:21)
      at JSXParserMixin.parseMaybeUnary (C:\Users\dell\Documents\scraper project\frontend\node_modules\@babel\parser\lib\index.js:11067:23)
      at JSXParserMixin.parseMaybeUnaryOrPrivate (C:\Users\dell\Documents\scraper project\frontend\node_modules\@babel\parser\lib\index.js:10920:61)
      at JSXParserMixin.parseExprOps (C:\Users\dell\Documents\scraper project\frontend\node_modules\@babel\parser\lib\index.js:10925:23)
      at JSXParserMixin.parseMaybeConditional (C:\Users\dell\Documents\scraper project\frontend\node_modules\@babel\parser\lib\index.js:10902:23)
      at JSXParserMixin.parseMaybeAssign (C:\Users\dell\Documents\scraper project\frontend\node_modules\@babel\parser\lib\index.js:10852:21)
      at C:\Users\dell\Documents\scraper project\frontend\node_modules\@babel\parser\lib\index.js:10821:39
      at JSXParserMixin.allowInAnd (C:\Users\dell\Documents\scraper project\frontend\node_modules\@babel\parser\lib\index.js:12455:12)
      at JSXParserMixin.parseMaybeAssignAllowIn (C:\Users\dell\Documents\scraper project\frontend\node_modules\@babel\parser\lib\index.js:10821:17)
      at JSXParserMixin.parseMaybeAssignAllowInOrVoidPattern (C:\Users\dell\Documents\scraper project\frontend\node_modules\@babel\parser\lib\index.js:12522:17)
      at JSXParserMixin.parseExprListItem (C:\Users\dell\Documents\scraper project\frontend\node_modules\@babel\parser\lib\index.js:12204:18)
      at JSXParserMixin.parseCallExpressionArguments (C:\Users\dell\Documents\scraper project\frontend\node_modules\@babel\parser\lib\index.js:11278:22)
      at JSXParserMixin.parseCoverCallAndAsyncArrowHead (C:\Users\dell\Documents\scraper project\frontend\node_modules\@babel\parser\lib\index.js:11212:29)
      at JSXParserMixin.parseSubscript (C:\Users\dell\Documents\scraper project\frontend\node_modules\@babel\parser\lib\index.js:11141:19)
      at JSXParserMixin.parseSubscripts (C:\Users\dell\Documents\scraper project\frontend\node_modules\@babel\parser\lib\index.js:11115:19)
      at JSXParserMixin.parseExprSubscripts (C:\Users\dell\Documents\scraper project\frontend\node_modules\@babel\parser\lib\index.js:11106:17)
      at JSXParserMixin.parseUpdate (C:\Users\dell\Documents\scraper project\frontend\node_modules\@babel\parser\lib\index.js:11087:21)
      at JSXParserMixin.parseMaybeUnary (C:\Users\dell\Documents\scraper project\frontend\node_modules\@babel\parser\lib\index.js:11067:23)
      at JSXParserMixin.parseMaybeUnaryOrPrivate (C:\Users\dell\Documents\scraper project\frontend\node_modules\@babel\parser\lib\index.js:10920:61)
      at JSXParserMixin.parseExprOps (C:\Users\dell\Documents\scraper project\frontend\node_modules\@babel\parser\lib\index.js:10925:23)
      at JSXParserMixin.parseMaybeConditional (C:\Users\dell\Documents\scraper project\frontend\node_modules\@babel\parser\lib\index.js:10902:23)
      at JSXParserMixin.parseMaybeAssign (C:\Users\dell\Documents\scraper project\frontend\node_modules\@babel\parser\lib\index.js:10852:21)
      at JSXParserMixin.parseExpressionBase (C:\Users\dell\Documents\scraper project\frontend\node_modules\@babel\parser\lib\index.js:10805:23)
      at C:\Users\dell\Documents\scraper project\frontend\node_modules\@babel\parser\lib\index.js:10801:39
      at JSXParserMixin.allowInAnd (C:\Users\dell\Documents\scraper project\frontend\node_modules\@babel\parser\lib\index.js:12455:12)
      at JSXParserMixin.parseExpression (C:\Users\dell\Documents\scraper project\frontend\node_modules\@babel\parser\lib\index.js:10801:17)
      at JSXParserMixin.parseTemplateSubstitution (C:\Users\dell\Documents\scraper project\frontend\node_modules\@babel\parser\lib\index.js:11834:17)
      at JSXParserMixin.parseTemplate (C:\Users\dell\Documents\scraper project\frontend\node_modules\@babel\parser\lib\index.js:11825:31)
      at JSXParserMixin.parseExprAtom (C:\Users\dell\Documents\scraper project\frontend\node_modules\@babel\parser\lib\index.js:11377:21)
      at JSXParserMixin.parseExprAtom (C:\Users\dell\Documents\scraper project\frontend\node_modules\@babel\parser\lib\index.js:4780:20)
      at JSXParserMixin.parseExprSubscripts (C:\Users\dell\Documents\scraper project\frontend\node_modules\@babel\parser\lib\index.js:11102:23)
      at JSXParserMixin.parseUpdate (C:\Users\dell\Documents\scraper project\frontend\node_modules\@babel\parser\lib\index.js:11087:21)
      at JSXParserMixin.parseMaybeUnary (C:\Users\dell\Documents\scraper project\frontend\node_modules\@babel\parser\lib\index.js:11067:23)
      at JSXParserMixin.parseMaybeUnaryOrPrivate (C:\Users\dell\Documents\scraper project\frontend\node_modules\@babel\parser\lib\index.js:10920:61)
      at JSXParserMixin.parseExprOps (C:\Users\dell\Documents\scraper project\frontend\node_modules\@babel\parser\lib\index.js:10925:23)
      at JSXParserMixin.parseMaybeConditional (C:\Users\dell\Documents\scraper project\frontend\node_modules\@babel\parser\lib\index.js:10902:23)
      at JSXParserMixin.parseMaybeAssign (C:\Users\dell\Documents\scraper project\frontend\node_modules\@babel\parser\lib\index.js:10852:21)
      at C:\Users\dell\Documents\scraper project\frontend\node_modules\@babel\parser\lib\index.js:10821:39
      at JSXParserMixin.allowInAnd (C:\Users\dell\Documents\scraper project\frontend\node_modules\@babel\parser\lib\index.js:12455:12)
      at JSXParserMixin.parseMaybeAssignAllowIn (C:\Users\dell\Documents\scraper project\frontend\node_modules\@babel\parser\lib\index.js:10821:17)
      at JSXParserMixin.parseMaybeAssignAllowInOrVoidPattern (C:\Users\dell\Documents\scraper project\frontend\node_modules\@babel\parser\lib\index.js:12522:17)
      at JSXParserMixin.parseExprListItem (C:\Users\dell\Documents\scraper project\frontend\node_modules\@babel\parser\lib\index.js:12204:18)
      at JSXParserMixin.parseExprList (C:\Users\dell\Documents\scraper project\frontend\node_modules\@babel\parser\lib\index.js:12179:22)
      at JSXParserMixin.parseNew (C:\Users\dell\Documents\scraper project\frontend\node_modules\@babel\parser\lib\index.js:11773:25)
[2m10:22:22 pm[22m [31m[1m[vite][22m[39m Pre-transform error: C:\Users\dell\Documents\scraper project\frontend\src\components\JobList.jsx: Unterminated regular expression. (40:43)

[0m [90m 38 |[39m
 [90m 39 |[39m   [90m// Case-insensitive split on the skill word[39m
[31m[1m>[22m[39m[90m 40 |[39m   [36mconst[39m re [33m=[39m [36mnew[39m [33mRegExp[39m([32m`(${skill.replace(/[.*+?^${}()|[\]\]/g, '\$&')})`[39m[33m,[39m [32m'gi'[39m)
 [90m    |[39m                                            [31m[1m^[22m[39m
 [90m 41 |[39m   [36mconst[39m parts [33m=[39m text[33m.[39msplit(re)
 [90m 42 |[39m
 [90m 43 |[39m   [36mreturn[39m ([0m
